[?25l[?2004h╭────────────────────────────────────────────────────────────────────╮╭─────────────────────────────
│                              DAY VIEW                              ││ To-Do on 2026-01-19         
│                      Monday, January 19, 2026                      ││ [███████░░░░░░░░░░░░░░░] 33%
│                 📅 January 2026 › Week 4 › Mon 19                  ││ This Month: 1/3             
│                                                                    ││                             
│                                                                    ││              [ ]            
│                                                                    ││                             
│                                                                    ││     No tasks for this day   
│                                                                    ││                             
│                                                                    ││  Press 'a' to add a new task
│                                                                    ││ Use h/l to browse other days
│                                                                    ││                             
│                                                                    ││                             
│                                                                    ││                             
│                         No tasks for today                         ││                             
│                                                                    ││                             
│                      Press 'a' to add a task                       ││                             
│                                                                    ││                             
│                                                                    ││                             
│                                                                    ││                             
│                                                                    ││                             
│                                                                    ││                             
│                                                                    ││                             
│                                                                    ││                             
│                                                                    ││                             
│                                                                    ││                             
│                                                                    ││                             
│                                                                    ││                             
╰────────────────────────────────────────────────────────────────────╯╰─────────────────────────────
          j/k nav │ Space done │ e edit │ a add │ T timeline │ Esc back │ ? help │ q quit           [2K[?2004l[?25h[?1002l[?1003l[?1006l