[?25l[?2004h│                             WEEK VIEW                                    ││ To-Do on 2026-01-18   
│                   Week of Jan 18 - Jan 24, 2026                          ││ [███████░░░░░░░░░░░░░░
│                   Sunday, Jan 18, 2026 (3 tasks)                         ││ This Week: 1/3        
│                      📅 January 2026 › Week 3                            ││                       
│   Sun       Mon       Tue       Wed       Thu       Fri      Sat         ││ │ ☐ !!! Complete TUI v
│          │          │          │          │          │         │         ││ │ Add teatest support 
│ 18       │ 19       │ 20       │ 21       │ 22       │ 23      │ 24      ││                       
│          │          │          │          │          │         │         ││   ☑ Review pull reques
│ ☐ Compl… │          │          │          │          │         │         ││                       
│ ☑ Revie… │          │          │          │          │         │         ││                       
│ ☐ Updat… │          │          │          │          │         │         ││   ☐ ! Update documenta
│          │          │          │          │          │         │         ││   Add examples for new
│          │          │          │          │          │         │         ││                       
│          │          │          │          │          │         │         ││                       
│          │          │          │          │          │         │         ││                       
│          │          │          │          │          │         │         ││                       
│          │          │          │          │          │         │         ││                       
│          │          │          │          │          │         │         ││                       
│          │          │          │          │          │         │         ││                       
│          │          │          │          │          │         │         ││                       
│          │          │          │          │          │         │         ││                       
│          │          │          │          │          │         │         ││                       
│                                                                          ││                       
│                                                                          ││                       
│                                                                          ││                       
│                                                                          ││                       
│                                                                          ││                       
╰──────────────────────────────────────────────────────────────────────────╯╰───────────────────────
  h/j/k/l nav │ b/n month │ w week │ d day │ m month │ t today │ g jump │ / search │ Tab todos │ ?  
                                           help │ q quit                                            [2K[?2004l[?25h[?1002l[?1003l[?1006l