[?25l[?2004h│                             MONTH VIEW                                   ││ To-Do on 2026-01-18   
│                            January 2026                                  ││ [███████░░░░░░░░░░░░░░
│                   Sunday, Jan 18, 2026 (3 tasks)                         ││ This Month: 1/3       
│                          📅 January 2026                                 ││                       
│   Sun       Mon       Tue       Wed       Thu       Fri      Sat         ││ │ ☐ !!! Complete TUI v
│          │          │          │          │          │         │         ││ │ Add teatest support 
│          │          │          │          │    1     │    2    │    3    ││                       
│          │          │          │          │          │         │         ││   ☑ Review pull reques
│──────────┘──────────┘──────────┘──────────┘──────────┘─────────┘─────────││                       
│          │          │          │          │          │         │         ││                       
│    4     │    5     │    6     │    7     │    8     │    9    │   10    ││   ☐ ! Update documenta
│          │          │          │          │          │         │         ││   Add examples for new
│──────────┘──────────┘──────────┘──────────┘──────────┘─────────┘─────────││                       
│          │          │          │          │          │         │         ││                       
│    11    │    12    │    13    │    14    │    15    │   16    │   17    ││                       
│          │          │          │          │          │         │         ││                       
│──────────┘──────────┘──────────┘──────────┘──────────┘─────────┘─────────││                       
│    18    │    19    │    20    │    21    │    22    │   23    │   24    ││                       
│   (3)    │          │          │          │          │         │         ││                       
│──────────┘──────────┘──────────┘──────────┘──────────┘─────────┘─────────││                       
│    25    │    26    │    27    │    28    │    29    │   30    │   31    ││                       
│          │          │          │          │          │         │         ││                       
│──────────┘──────────┘──────────┘──────────┘──────────┘─────────┘─────────││                       
│          │          │          │          │          │         │         ││                       
│          │          │          │          │          │         │         ││                       
│──────────┘──────────┘──────────┘──────────┘──────────┘─────────┘─────────││                       
│                                                                          ││                       
╰──────────────────────────────────────────────────────────────────────────╯╰───────────────────────
  h/j/k/l nav │ b/n month │ w week │ d day │ m month │ t today │ g jump │ / search │ Tab todos │ ?  
                                           help │ q quit                                            [2K[?2004l[?25h[?1002l[?1003l[?1006l