[?25l[?2004h│  │ ☐ Complete TUI visual testing !!!                              │││ │ ☐ !!! Complete TUI visu…  
│  │     Add teatest support                                        │││ │ Add teatest support       
│  ╰────────────────────────────────────────────────────────────────╯││                             
│                                                                    ││   ☑ Review pull request     
│  ╭────────────────────────────────────────────────────────────────╮││                             
│  │ ☐ Update documentation !                                       │││                             
│  │     Add examples for new features                              │││   ☐ ! Update documentation  
│  ╰────────────────────────────────────────────────────────────────╯││   Add examples for new fe…  
│                                                                    ││                             
│  ╭────────────────────────────────────────────────────────────────╮││                             
│  │ ☑ Review pull request !!                                       │││                             
│  ╰────────────────────────────────────────────────────────────────╯││                             
│                                                                    ││                             
│                                                                    ││                             
│                                                                    ││                             
│                                                                    ││                             
│                                                                    ││                             
│                                                                    ││                             
│                                                                    ││                             
│                                                                    ││                             
│                                                                    ││                             
│                                                                    ││                             
│                                                                    ││                             
│                                                                    │╰─────────────────────────────
│                                                                    │                              
│                                                                    │                              
│                                                                    │                              
│                                                                    │                              
╰────────────────────────────────────────────────────────────────────╯                              
          j/k nav │ Space done │ e edit │ a add │ T timeline │ Esc back │ ? help │ q quit           [2K[?2004l[?25h[?1002l[?1003l[?1006l